mode: set
github.com/jailtonjunior94/challenge/internal/domain/entities/films.go:22.66,31.16 3 1
github.com/jailtonjunior94/challenge/internal/domain/entities/films.go:35.2,35.18 1 1
github.com/jailtonjunior94/challenge/internal/domain/entities/films.go:31.16,33.3 1 1
github.com/jailtonjunior94/challenge/internal/domain/entities/films.go:38.33,39.19 1 1
github.com/jailtonjunior94/challenge/internal/domain/entities/films.go:43.2,43.22 1 1
github.com/jailtonjunior94/challenge/internal/domain/entities/films.go:47.2,47.25 1 1
github.com/jailtonjunior94/challenge/internal/domain/entities/films.go:50.2,50.12 1 1
github.com/jailtonjunior94/challenge/internal/domain/entities/films.go:39.19,41.3 1 1
github.com/jailtonjunior94/challenge/internal/domain/entities/films.go:43.22,45.3 1 1
github.com/jailtonjunior94/challenge/internal/domain/entities/films.go:47.25,49.3 1 1
github.com/jailtonjunior94/challenge/internal/domain/entities/planet.go:24.64,33.16 3 1
github.com/jailtonjunior94/challenge/internal/domain/entities/planet.go:37.2,37.20 1 1
github.com/jailtonjunior94/challenge/internal/domain/entities/planet.go:33.16,35.3 1 1
github.com/jailtonjunior94/challenge/internal/domain/entities/planet.go:40.35,41.18 1 1
github.com/jailtonjunior94/challenge/internal/domain/entities/planet.go:45.2,45.21 1 1
github.com/jailtonjunior94/challenge/internal/domain/entities/planet.go:49.2,49.21 1 1
github.com/jailtonjunior94/challenge/internal/domain/entities/planet.go:52.2,52.12 1 1
github.com/jailtonjunior94/challenge/internal/domain/entities/planet.go:41.18,43.3 1 1
github.com/jailtonjunior94/challenge/internal/domain/entities/planet.go:45.21,47.3 1 1
github.com/jailtonjunior94/challenge/internal/domain/entities/planet.go:49.21,51.3 1 1
github.com/jailtonjunior94/challenge/internal/domain/entities/planet.go:55.44,56.17 1 1
github.com/jailtonjunior94/challenge/internal/domain/entities/planet.go:60.2,61.12 2 1
github.com/jailtonjunior94/challenge/internal/domain/entities/planet.go:56.17,58.3 1 1
